Analysis & Synthesis report for my_project
Tue Jun 25 12:12:14 2019
Quartus II Version 9.0 Build 132 02/25/2009 SJ Full Version


---------------------
; Table of Contents ;
---------------------
  1. Legal Notice
  2. Analysis & Synthesis Summary
  3. Analysis & Synthesis Settings
  4. Analysis & Synthesis Source Files Read
  5. Analysis & Synthesis Resource Usage Summary
  6. Analysis & Synthesis Resource Utilization by Entity
  7. General Register Statistics
  8. Analysis & Synthesis Messages



----------------
; Legal Notice ;
----------------
Copyright (C) 1991-2009 Altera Corporation
Your use of Altera Corporation's design tools, logic functions 
and other software and tools, and its AMPP partner logic 
functions, and any output files from any of the foregoing 
(including device programming or simulation files), and any 
associated documentation or information are expressly subject 
to the terms and conditions of the Altera Program License 
Subscription Agreement, Altera MegaCore Function License 
Agreement, or other applicable license agreement, including, 
without limitation, that your use is for the sole purpose of 
programming logic devices manufactured by Altera and sold by 
Altera or its authorized distributors.  Please refer to the 
applicable agreement for further details.



+------------------------------------------------------------------------+
; Analysis & Synthesis Summary                                           ;
+-----------------------------+------------------------------------------+
; Analysis & Synthesis Status ; Successful - Tue Jun 25 12:12:14 2019    ;
; Quartus II Version          ; 9.0 Build 132 02/25/2009 SJ Full Version ;
; Revision Name               ; my_project                               ;
; Top-level Entity Name       ; continuar                                ;
; Family                      ; ACEX1K                                   ;
; Total logic elements        ; 12                                       ;
; Total pins                  ; 22                                       ;
; Total memory bits           ; 0                                        ;
; Total PLLs                  ; 0                                        ;
+-----------------------------+------------------------------------------+


+-------------------------------------------------------------------------------------------------+
; Analysis & Synthesis Settings                                                                   ;
+----------------------------------------------------------------+----------------+---------------+
; Option                                                         ; Setting        ; Default Value ;
+----------------------------------------------------------------+----------------+---------------+
; Device                                                         ; EP1K100QC208-3 ;               ;
; Top-level entity name                                          ; continuar      ; my_project    ;
; Family name                                                    ; ACEX1K         ; Stratix II    ;
; Use Generated Physical Constraints File                        ; Off            ;               ;
; Use smart compilation                                          ; Off            ; Off           ;
; Create Debugging Nodes for IP Cores                            ; Off            ; Off           ;
; Preserve fewer node names                                      ; On             ; On            ;
; Disable OpenCore Plus hardware evaluation                      ; Off            ; Off           ;
; Verilog Version                                                ; Verilog_2001   ; Verilog_2001  ;
; VHDL Version                                                   ; VHDL93         ; VHDL93        ;
; State Machine Processing                                       ; Auto           ; Auto          ;
; Safe State Machine                                             ; Off            ; Off           ;
; Extract Verilog State Machines                                 ; On             ; On            ;
; Extract VHDL State Machines                                    ; On             ; On            ;
; Ignore Verilog initial constructs                              ; Off            ; Off           ;
; Iteration limit for constant Verilog loops                     ; 5000           ; 5000          ;
; Iteration limit for non-constant Verilog loops                 ; 250            ; 250           ;
; Add Pass-Through Logic to Inferred RAMs                        ; On             ; On            ;
; Parallel Synthesis                                             ; Off            ; Off           ;
; NOT Gate Push-Back                                             ; On             ; On            ;
; Power-Up Don't Care                                            ; On             ; On            ;
; Remove Redundant Logic Cells                                   ; Off            ; Off           ;
; Remove Duplicate Registers                                     ; On             ; On            ;
; Ignore CARRY Buffers                                           ; Off            ; Off           ;
; Ignore CASCADE Buffers                                         ; Off            ; Off           ;
; Ignore GLOBAL Buffers                                          ; Off            ; Off           ;
; Ignore ROW GLOBAL Buffers                                      ; Off            ; Off           ;
; Ignore LCELL Buffers                                           ; Off            ; Off           ;
; Ignore SOFT Buffers                                            ; On             ; On            ;
; Limit AHDL Integers to 32 Bits                                 ; Off            ; Off           ;
; Auto Implement in ROM                                          ; Off            ; Off           ;
; Optimization Technique                                         ; Area           ; Area          ;
; Carry Chain Length                                             ; 32             ; 32            ;
; Cascade Chain Length                                           ; 2              ; 2             ;
; Auto Carry Chains                                              ; On             ; On            ;
; Auto Open-Drain Pins                                           ; On             ; On            ;
; Auto ROM Replacement                                           ; On             ; On            ;
; Auto RAM Replacement                                           ; On             ; On            ;
; Auto Clock Enable Replacement                                  ; On             ; On            ;
; Strict RAM Replacement                                         ; Off            ; Off           ;
; Auto Resource Sharing                                          ; Off            ; Off           ;
; Allow Any RAM Size For Recognition                             ; Off            ; Off           ;
; Allow Any ROM Size For Recognition                             ; Off            ; Off           ;
; Use LogicLock Constraints during Resource Balancing            ; On             ; On            ;
; Ignore translate_off and synthesis_off directives              ; Off            ; Off           ;
; Show Parameter Settings Tables in Synthesis Report             ; On             ; On            ;
; HDL message level                                              ; Level2         ; Level2        ;
; Suppress Register Optimization Related Messages                ; Off            ; Off           ;
; Number of Removed Registers Reported in Synthesis Report       ; 100            ; 100           ;
; Number of Inverted Registers Reported in Synthesis Report      ; 100            ; 100           ;
; Block Design Naming                                            ; Auto           ; Auto          ;
; Synthesis Effort                                               ; Auto           ; Auto          ;
; Allows Asynchronous Clear Usage For Shift Register Replacement ; On             ; On            ;
; Analysis & Synthesis Message Level                             ; Medium         ; Medium        ;
+----------------------------------------------------------------+----------------+---------------+


+----------------------------------------------------------------------------------------------------------------------------------------+
; Analysis & Synthesis Source Files Read                                                                                                 ;
+----------------------------------+-----------------+------------------------------------+----------------------------------------------+
; File Name with User-Entered Path ; Used in Netlist ; File Type                          ; File Name with Absolute Path                 ;
+----------------------------------+-----------------+------------------------------------+----------------------------------------------+
; continuar.bdf                    ; yes             ; User Block Diagram/Schematic File  ; /home/aluno/weslei/continuar.bdf             ;
; CODIFICADOR.bdf                  ; yes             ; User Block Diagram/Schematic File  ; /home/aluno/weslei/CODIFICADOR.bdf           ;
; Block1.bdf                       ; yes             ; User Block Diagram/Schematic File  ; /home/aluno/weslei/Block1.bdf                ;
; DECODIFICADOR_LINHAS.bdf         ; yes             ; User Block Diagram/Schematic File  ; /home/aluno/weslei/DECODIFICADOR_LINHAS.bdf  ;
; DECODIFICADOR_COLUNAS.bdf        ; yes             ; User Block Diagram/Schematic File  ; /home/aluno/weslei/DECODIFICADOR_COLUNAS.bdf ;
; multiplicador.bdf                ; yes             ; User Block Diagram/Schematic File  ; /home/aluno/weslei/multiplicador.bdf         ;
; COMPARADOR_6bits.bdf             ; yes             ; User Block Diagram/Schematic File  ; /home/aluno/weslei/COMPARADOR_6bits.bdf      ;
; SOMADOR_6BITS.bdf                ; yes             ; User Block Diagram/Schematic File  ; /home/aluno/weslei/SOMADOR_6BITS.bdf         ;
+----------------------------------+-----------------+------------------------------------+----------------------------------------------+


+---------------------------------------------+
; Analysis & Synthesis Resource Usage Summary ;
+--------------------------------+------------+
; Resource                       ; Usage      ;
+--------------------------------+------------+
; Total logic elements           ; 12         ;
; Total combinational functions  ; 12         ;
;     -- Total 4-input functions ; 12         ;
;     -- Total 3-input functions ; 0          ;
;     -- Total 2-input functions ; 0          ;
;     -- Total 1-input functions ; 0          ;
;     -- Total 0-input functions ; 0          ;
; Total registers                ; 0          ;
; I/O pins                       ; 22         ;
; Maximum fan-out node           ; START      ;
; Maximum fan-out                ; 13         ;
; Total fan-out                  ; 61         ;
; Average fan-out                ; 1.79       ;
+--------------------------------+------------+


+---------------------------------------------------------------------------------------------------------------------------------------------------------------------------------------------------------------------------------+
; Analysis & Synthesis Resource Utilization by Entity                                                                                                                                                                             ;
+----------------------------------+-------------+--------------+-------------+------+--------------+-------------------+------------------+-----------------+------------+----------------------------------------+--------------+
; Compilation Hierarchy Node       ; Logic Cells ; LC Registers ; Memory Bits ; Pins ; LUT-Only LCs ; Register-Only LCs ; LUT/Register LCs ; Carry Chain LCs ; Packed LCs ; Full Hierarchy Name                    ; Library Name ;
+----------------------------------+-------------+--------------+-------------+------+--------------+-------------------+------------------+-----------------+------------+----------------------------------------+--------------+
; |continuar                       ; 12 (0)      ; 0            ; 0           ; 22   ; 12 (0)       ; 0 (0)             ; 0 (0)            ; 0 (0)           ; 0 (0)      ; |continuar                             ; work         ;
;    |DECODIFICADOR_COLUNAS:inst3| ; 5 (5)       ; 0            ; 0           ; 0    ; 5 (5)        ; 0 (0)             ; 0 (0)            ; 0 (0)           ; 0 (0)      ; |continuar|DECODIFICADOR_COLUNAS:inst3 ; work         ;
;    |DECODIFICADOR_LINHAS:inst9|  ; 7 (7)       ; 0            ; 0           ; 0    ; 7 (7)        ; 0 (0)             ; 0 (0)            ; 0 (0)           ; 0 (0)      ; |continuar|DECODIFICADOR_LINHAS:inst9  ; work         ;
+----------------------------------+-------------+--------------+-------------+------+--------------+-------------------+------------------+-----------------+------------+----------------------------------------+--------------+
Note: For table entries with two numbers listed, the numbers in parentheses indicate the number of resources of the given type used by the specific entity alone. The numbers listed outside of parentheses indicate the total resources of the given type used by the specific entity and all of its sub-entities in the hierarchy.


+------------------------------------------------------+
; General Register Statistics                          ;
+----------------------------------------------+-------+
; Statistic                                    ; Value ;
+----------------------------------------------+-------+
; Total registers                              ; 0     ;
; Number of registers using Synchronous Clear  ; 0     ;
; Number of registers using Synchronous Load   ; 0     ;
; Number of registers using Asynchronous Clear ; 0     ;
; Number of registers using Asynchronous Load  ; 0     ;
; Number of registers using Clock Enable       ; 0     ;
; Number of registers using Preset             ; 0     ;
+----------------------------------------------+-------+


+-------------------------------+
; Analysis & Synthesis Messages ;
+-------------------------------+
Info: *******************************************************************
Info: Running Quartus II Analysis & Synthesis
    Info: Version 9.0 Build 132 02/25/2009 SJ Full Version
    Info: Processing started: Tue Jun 25 12:12:11 2019
Info: Command: quartus_map --read_settings_files=on --write_settings_files=off my_project -c my_project
Info: Found 1 design units, including 1 entities, in source file continuar.bdf
    Info: Found entity 1: continuar
Info: Found 1 design units, including 1 entities, in source file CODIFICADOR.bdf
    Info: Found entity 1: CODIFICADOR
Info: Found 2 design units, including 1 entities, in source file my_project.vhd
    Info: Found design unit 1: my_project-hardware
    Info: Found entity 1: my_project
Info: Found 1 design units, including 1 entities, in source file Block1.bdf
    Info: Found entity 1: Block1
Info: Found 1 design units, including 1 entities, in source file DECODIFICADOR_LINHAS.bdf
    Info: Found entity 1: DECODIFICADOR_LINHAS
Info: Found 1 design units, including 1 entities, in source file DECODIFICADOR_COLUNAS.bdf
    Info: Found entity 1: DECODIFICADOR_COLUNAS
Info: Found 1 design units, including 1 entities, in source file somador_3.bdf
    Info: Found entity 1: somador_3
Info: Found 1 design units, including 1 entities, in source file SOMADOR_5bits.bdf
    Info: Found entity 1: SOMADOR_5bits
Info: Found 1 design units, including 1 entities, in source file multiplicador.bdf
    Info: Found entity 1: multiplicador
Info: Found 1 design units, including 1 entities, in source file COMPARADOR_6bits.bdf
    Info: Found entity 1: COMPARADOR_6bits
Info: Found 1 design units, including 1 entities, in source file TESTE.bdf
    Info: Found entity 1: TESTE
Info: Found 1 design units, including 1 entities, in source file SOMADOR_6BITS.bdf
    Info: Found entity 1: SOMADOR_6BITS
Info: Elaborating entity "continuar" for the top level hierarchy
Warning: Primitive "GND" of instance "inst7" not used
Info: Elaborating entity "COMPARADOR_6bits" for hierarchy "COMPARADOR_6bits:inst4"
Warning: Block or symbol "NOT" of instance "inst46" overlaps another block or symbol
Info: Elaborating entity "CODIFICADOR" for hierarchy "CODIFICADOR:inst15"
Info: Elaborating entity "SOMADOR_6BITS" for hierarchy "CODIFICADOR:inst15|SOMADOR_6BITS:inst"
Info: Elaborating entity "Block1" for hierarchy "CODIFICADOR:inst15|SOMADOR_6BITS:inst|Block1:inst2"
Info: Elaborating entity "multiplicador" for hierarchy "CODIFICADOR:inst15|multiplicador:inst1"
Info: Elaborating entity "DECODIFICADOR_LINHAS" for hierarchy "DECODIFICADOR_LINHAS:inst9"
Info: Elaborating entity "DECODIFICADOR_COLUNAS" for hierarchy "DECODIFICADOR_COLUNAS:inst3"
Warning: Output pins are stuck at VCC or GND
    Warning (13410): Pin "LED_VERDE" is stuck at GND
    Warning (13410): Pin "camparador" is stuck at VCC
Info: Implemented 34 device resources after synthesis - the final resource count might be different
    Info: Implemented 7 input pins
    Info: Implemented 15 output pins
    Info: Implemented 12 logic cells
Info: Quartus II Analysis & Synthesis was successful. 0 errors, 5 warnings
    Info: Peak virtual memory: 193 megabytes
    Info: Processing ended: Tue Jun 25 12:12:14 2019
    Info: Elapsed time: 00:00:03
    Info: Total CPU time (on all processors): 00:00:03


